2026-07-05 14:27:43,930 [trainer.py] => prefix: cic_iot23
2026-07-05 14:27:43,931 [trainer.py] => dataset: cic_iot23
2026-07-05 14:27:43,931 [trainer.py] => memory_size: 5000
2026-07-05 14:27:43,931 [trainer.py] => memory_per_class: 20
2026-07-05 14:27:43,931 [trainer.py] => fixed_memory: False
2026-07-05 14:27:43,931 [trainer.py] => memory_percent: 0.01
2026-07-05 14:27:43,931 [trainer.py] => shuffle: False
2026-07-05 14:27:43,931 [trainer.py] => init_cls: 6
2026-07-05 14:27:43,931 [trainer.py] => increment: 6
2026-07-05 14:27:43,931 [trainer.py] => model_name: der
2026-07-05 14:27:43,931 [trainer.py] => convnet_type: cnn1d
2026-07-05 14:27:43,931 [trainer.py] => device: [device(type='cuda', index=0)]
2026-07-05 14:27:43,931 [trainer.py] => seed: 42
2026-07-05 14:27:43,931 [trainer.py] => init_epoch: 30
2026-07-05 14:27:43,931 [trainer.py] => epochs: 30
2026-07-05 14:27:43,931 [trainer.py] => batch_size: 512
2026-07-05 14:27:43,931 [trainer.py] => config: ./exps/cic_iot23_der.json
2026-07-05 14:27:43,932 [trainer.py] => mode: train
2026-07-05 14:27:43,932 [trainer.py] => test_checkpoint_dir: 
2026-07-05 14:27:43,932 [trainer.py] => debug: False
2026-07-05 14:27:43,932 [trainer.py] => resume: logs/der/cic_iot23/05-07-26_00-29_seed42_cnn1d/checkpoints/ckpt_task02_round030.pth
2026-07-05 14:27:43,932 [trainer.py] => Run directory: logs/der/cic_iot23/05-07-26_14-27_seed42_cnn1d
2026-07-05 14:28:12,526 [data_manager.py] => [0, 1, 2, 3, 4, 5, 6, 7, 8, 9, 10, 11, 12, 13, 14, 15, 16, 17, 18, 19, 20, 21, 22, 23, 24, 25, 26, 27, 28, 29, 30, 31, 32, 33]
2026-07-05 14:28:53,772 [trainer.py] => Resuming from checkpoint: logs/der/cic_iot23/05-07-26_00-29_seed42_cnn1d/checkpoints/ckpt_task02_round030.pth
2026-07-05 14:28:54,335 [trainer.py] => Task 2 Round 30/30: Task đã hoàn tất. Sẽ bắt đầu training từ Task 3.
2026-07-05 14:28:54,363 [der.py] => Learning on 0-6
2026-07-05 14:28:54,581 [der.py] => Skipping training for task 0
2026-07-05 14:28:54,581 [der.py] => [RESUME] skipping rehearsal memory generation for task 0
2026-07-05 14:28:54,581 [der.py] => Exemplar size: 0
2026-07-05 14:28:54,598 [der.py] => Learning on 6-12
2026-07-05 14:28:55,028 [der.py] => Skipping training for task 1
2026-07-05 14:28:55,028 [der.py] => [RESUME] skipping rehearsal memory generation for task 1
2026-07-05 14:28:55,028 [der.py] => Exemplar size: 0
2026-07-05 14:28:55,032 [der.py] => Learning on 12-18
2026-07-05 14:28:55,720 [der.py] => Skipping training for task 2
2026-07-05 14:28:55,720 [der.py] => [RESUME] skipping rehearsal memory generation for task 2
2026-07-05 14:28:55,720 [der.py] => Exemplar size: 0
2026-07-05 14:28:55,722 [trainer.py] => [RESUME] Rebuilding rehearsal memory for completed tasks (0 to 2) using loaded weights...
2026-07-05 14:28:55,723 [base.py] => Reducing exemplars...(833 per classes)
2026-07-05 14:28:55,723 [base.py] => Constructing exemplars...(833 per classes)
2026-07-05 16:57:37,200 [base.py] => Reducing exemplars...(416 per classes)
2026-07-05 16:57:39,642 [base.py] => Constructing exemplars...(416 per classes)
2026-07-05 18:39:45,227 [base.py] => Reducing exemplars...(277 per classes)
2026-07-05 18:39:50,329 [base.py] => Constructing exemplars...(277 per classes)
2026-07-05 20:12:37,425 [trainer.py] => [RESUME] Đã nạp checkpoint thành công. Bắt đầu từ Task 3, Round 0.
2026-07-05 20:12:37,425 [trainer.py] => All params: 70457
2026-07-05 20:12:37,426 [trainer.py] => Trainable params: 26105
2026-07-05 20:12:37,432 [der.py] => Learning on 18-24
2026-07-05 22:31:08,717 [der.py] => Task 3, Epoch 30/30 => Loss 0.103, Train_accy 98.38, Test_accy 92.59
2026-07-05 22:31:08,717 [base.py] => Reducing exemplars...(208 per classes)
2026-07-05 22:31:17,780 [base.py] => Constructing exemplars...(208 per classes)
