2026-07-02 14:02:28,770 [trainer.py] => prefix: cic_iot23
2026-07-02 14:02:28,770 [trainer.py] => dataset: cic_iot23
2026-07-02 14:02:28,770 [trainer.py] => memory_size: 5000
2026-07-02 14:02:28,770 [trainer.py] => memory_per_class: 20
2026-07-02 14:02:28,770 [trainer.py] => fixed_memory: False
2026-07-02 14:02:28,770 [trainer.py] => memory_percent: 0.01
2026-07-02 14:02:28,770 [trainer.py] => shuffle: False
2026-07-02 14:02:28,770 [trainer.py] => init_cls: 6
2026-07-02 14:02:28,770 [trainer.py] => increment: 6
2026-07-02 14:02:28,770 [trainer.py] => model_name: der
2026-07-02 14:02:28,770 [trainer.py] => convnet_type: cnn1d
2026-07-02 14:02:28,771 [trainer.py] => device: [device(type='cuda', index=0)]
2026-07-02 14:02:28,771 [trainer.py] => seed: 42
2026-07-02 14:02:28,771 [trainer.py] => init_epoch: 30
2026-07-02 14:02:28,771 [trainer.py] => epochs: 30
2026-07-02 14:02:28,771 [trainer.py] => batch_size: 4096
2026-07-02 14:02:28,771 [trainer.py] => config: ./exps/cic_iot23_der.json
2026-07-02 14:02:28,771 [trainer.py] => mode: train
2026-07-02 14:02:28,771 [trainer.py] => test_checkpoint_dir: 
2026-07-02 14:02:28,771 [trainer.py] => debug: False
2026-07-02 14:02:28,771 [trainer.py] => resume: 
2026-07-02 14:02:28,771 [trainer.py] => Run directory: logs/der/cic_iot23/02-07-26_14-02_seed42_cnn1d
2026-07-02 14:03:20,610 [data_manager.py] => [0, 1, 2, 3, 4, 5, 6, 7, 8, 9, 10, 11, 12, 13, 14, 15, 16, 17, 18, 19, 20, 21, 22, 23, 24, 25, 26, 27, 28, 29, 30, 31, 32, 33]
2026-07-02 14:04:03,064 [trainer.py] => All params: 0
2026-07-02 14:04:03,064 [trainer.py] => Trainable params: 0
2026-07-02 14:04:03,664 [der.py] => Learning on 0-6
